BEGIN;
CREATE EXTENSION tinyint SCHEMA public;
CREATE EXTENSION pgcrypto SCHEMA public;
CREATE EXTENSION sys_syn;
ROLLBACK;
