BEGIN;
CREATE EXTENSION tinyint
    SCHEMA public;
CREATE EXTENSION sys_syn;
CREATE SCHEMA user_data
    AUTHORIZATION postgres;
CREATE TABLE user_data.test_table (
        test_table_key integer NOT NULL,
        test_table_text text,
        CONSTRAINT test_table_pkey PRIMARY KEY (test_table_key));
INSERT INTO sys_syn.in_groups_def VALUES ('in');
SELECT sys_syn.in_table_add (
                'user_data',
                'test_table',
                'in',
                NULL,
                ARRAY[
                       $COL$("test_table_key","integer",Key,"in_source.test_table_key",,,,)$COL$,
                       $COL$("test_table_text","text",Attribute,"in_source.test_table_text",,,,)$COL$
                ]::sys_syn.create_in_column[],
                'user_data.test_table',
                NULL
        );
 in_table_add 
--------------
 
(1 row)

ROLLBACK;
