BEGIN;
CREATE EXTENSION tinyint SCHEMA public;
CREATE EXTENSION sys_syn;
CREATE SCHEMA user_data
    AUTHORIZATION postgres;
CREATE TABLE user_data.test_table (
        test_table_id integer NOT NULL,
        test_table_text text,
        CONSTRAINT test_table_pid PRIMARY KEY (test_table_id));
INSERT INTO sys_syn.in_groups_def VALUES ('in');
SELECT sys_syn.in_table_create_sql('user_data.test_table'::regclass, 'in');
                                          in_table_create_sql                                           
--------------------------------------------------------------------------------------------------------
 SELECT  sys_syn.in_table_create(                                                                      +
                 schema          => 'user_data'::regnamespace,                                         +
                 in_table_id     => 'test_table',                                                      +
                 in_group_id     => 'in',                                                              +
                 in_pull_id      => NULL,                                                              +
                 in_columns      => ARRAY[                                                             +
                        $COL$("test_table_id","integer",Id,"in_source.test_table_id",,,,,)$COL$,       +
                        $COL$("test_table_text","text",Attribute,"in_source.test_table_text",,,,,)$COL$+
                 ]::sys_syn.create_in_column[],                                                        +
                 full_table_reference    => 'user_data.test_table',                                    +
                 changes_table_reference => NULL,                                                      +
                 full_sql                => NULL,                                                      +
                 changes_sql             => NULL,                                                      +
                 full_pre_sql            => NULL,                                                      +
                 changes_pre_sql         => NULL,                                                      +
                 full_post_sql           => NULL,                                                      +
                 changes_post_sql        => NULL,                                                      +
                 enable_deletes_implied  => 'true',                                                    +
                 null_key_handler        => 'none'::sys_syn.null_key_handler,                          +
                 key_violation_handler   => 'none'::sys_syn.key_violation_handler,                     +
                 full_prepull_id         => NULL,                                                      +
                 changes_prepull_id      => NULL,                                                      +
                 record_comparison_different=>NULL,                                                    +
                 record_comparison_same  => NULL,                                                      +
                 in_partitions           => ARRAY[                                                     +
                         $PART$("",)$PART$]::sys_syn.create_in_partition[]                             +
         );
(1 row)

DO $$BEGIN
    EXECUTE sys_syn.in_table_create_sql('user_data.test_table'::regclass, 'in');
END$$;
ROLLBACK;
