BEGIN;
CREATE EXTENSION tinyint
    SCHEMA public;
CREATE EXTENSION sys_syn;
CREATE SCHEMA user_data
    AUTHORIZATION postgres;
CREATE TABLE user_data.test_table (
        test_table_id integer NOT NULL,
        test_table_text text,
        CONSTRAINT test_table_pid PRIMARY KEY (test_table_id));
INSERT INTO sys_syn.in_groups_def VALUES ('in');
SELECT sys_syn.in_table_add_sql('user_data.test_table'::regclass, 'in');
                                           in_table_add_sql                                            
-------------------------------------------------------------------------------------------------------
 SELECT sys_syn.in_table_add (                                                                        +
                 schema          => 'user_data'::regnamespace,                                        +
                 in_table_id     => 'test_table',                                                     +
                 in_group_id     => 'in',                                                             +
                 in_pull_id      => NULL,                                                             +
                 in_columns      => ARRAY[                                                            +
                        $COL$("test_table_id","integer",Id,"in_source.test_table_id",,,,)$COL$,       +
                        $COL$("test_table_text","text",Attribute,"in_source.test_table_text",,,,)$COL$+
                 ]::sys_syn.create_in_column[],                                                       +
                 full_table_reference    => 'user_data.test_table',                                   +
                 changes_table_reference => NULL,                                                     +
                 full_sql                => NULL,                                                     +
                 changes_sql             => NULL,                                                     +
                 full_pre_sql            => NULL,                                                     +
                 changes_pre_sql         => NULL,                                                     +
                 full_post_sql           => NULL,                                                     +
                 changes_post_sql        => NULL,                                                     +
                 enable_deletes_implied  => TRUE,                                                     +
                 full_prepull_id         => NULL,                                                     +
                 changes_prepull_id      => NULL                                                      +
         );
(1 row)

DO $$BEGIN
    EXECUTE sys_syn.in_table_add_sql('user_data.test_table'::regclass, 'in');
END$$;
INSERT INTO user_data.test_table(
        test_table_id, test_table_text)
VALUES (1,              'test_data');
INSERT INTO sys_syn.out_groups_def VALUES ('out');
SELECT sys_syn.out_table_add('user_data', 'test_table', 'out', data_view => TRUE);
 out_table_add 
---------------
 
(1 row)

SELECT user_data.test_table_pull(FALSE);
 test_table_pull 
-----------------
 t
(1 row)

SELECT user_data.test_table_out_move();
 test_table_out_move 
---------------------
 t
(1 row)

SELECT * FROM user_data.test_table_out_queue_data;
 sys_syn_id | sys_syn_trans_id_in | sys_syn_delta_type | sys_syn_queue_state | sys_syn_queue_id | sys_syn_queue_priority | sys_syn_hold_updated | sys_syn_hold_trans_id_first | sys_syn_hold_trans_id_last | sys_syn_hold_reason_count | sys_syn_hold_reason_id | sys_syn_hold_reason_text | sys_syn_trans_id_out | sys_syn_processed_time | test_table_id | test_table_text 
------------+---------------------+--------------------+---------------------+------------------+------------------------+----------------------+-----------------------------+----------------------------+---------------------------+------------------------+--------------------------+----------------------+------------------------+---------------+-----------------
 (1)        |                   1 | Add                | Unclaimed           |                  |                        |                      |                             |                            |                           |                        |                          |                      |                        |             1 | test_data
(1 row)

UPDATE user_data.test_table_out_queue_data SET sys_syn_queue_state = 'Claimed'::sys_syn.queue_state WHERE test_table_id = 1;
UPDATE user_data.test_table_out_queue_data SET sys_syn_queue_state = 'Processed'::sys_syn.queue_state WHERE test_table_id = 1;
SELECT user_data.test_table_out_processed();
 test_table_out_processed 
--------------------------
 t
(1 row)

SELECT * FROM user_data.test_table_out_queue_data;
 sys_syn_id | sys_syn_trans_id_in | sys_syn_delta_type | sys_syn_queue_state | sys_syn_queue_id | sys_syn_queue_priority | sys_syn_hold_updated | sys_syn_hold_trans_id_first | sys_syn_hold_trans_id_last | sys_syn_hold_reason_count | sys_syn_hold_reason_id | sys_syn_hold_reason_text | sys_syn_trans_id_out | sys_syn_processed_time | test_table_id | test_table_text 
------------+---------------------+--------------------+---------------------+------------------+------------------------+----------------------+-----------------------------+----------------------------+---------------------------+------------------------+--------------------------+----------------------+------------------------+---------------+-----------------
(0 rows)

ROLLBACK;
