BEGIN;
CREATE EXTENSION tinyint
    SCHEMA public;
CREATE EXTENSION sys_syn;
CREATE SCHEMA user_data
    AUTHORIZATION postgres;
CREATE TABLE user_data.test_table (
        test_table_id integer NOT NULL,
        test_table_text text,
        CONSTRAINT test_table_pid PRIMARY KEY (test_table_id));
INSERT INTO sys_syn.in_groups_def VALUES ('in');
SELECT sys_syn.in_table_add_sql('user_data.test_table'::regclass, 'in');
                                           in_table_add_sql                                            
-------------------------------------------------------------------------------------------------------
 SELECT sys_syn.in_table_add (                                                                        +
                 schema          => 'user_data'::regnamespace,                                        +
                 in_table_id     => 'test_table',                                                     +
                 in_group_id     => 'in',                                                             +
                 in_pull_id      => NULL,                                                             +
                 in_columns      => ARRAY[                                                            +
                        $COL$("test_table_id","integer",Id,"in_source.test_table_id",,,,)$COL$,       +
                        $COL$("test_table_text","text",Attribute,"in_source.test_table_text",,,,)$COL$+
                 ]::sys_syn.create_in_column[],                                                       +
                 full_table_reference    => 'user_data.test_table',                                   +
                 changes_table_reference => NULL,                                                     +
                 full_sql                => NULL,                                                     +
                 changes_sql             => NULL,                                                     +
                 full_pre_sql            => NULL,                                                     +
                 changes_pre_sql         => NULL,                                                     +
                 full_post_sql           => NULL,                                                     +
                 changes_post_sql        => NULL,                                                     +
                 enable_deletes_implied  => TRUE,                                                     +
                 full_prepull_id         => NULL,                                                     +
                 changes_prepull_id      => NULL                                                      +
         );
(1 row)

DO $$BEGIN
    EXECUTE sys_syn.in_table_add_sql('user_data.test_table'::regclass, 'in');
END$$;
INSERT INTO user_data.test_table(
        test_table_id, test_table_text)
VALUES (1,              'test_data');
INSERT INTO sys_syn.out_groups_def VALUES ('out');
SELECT sys_syn.out_table_add('user_data', 'test_table', 'out',
                out_columns => ARRAY[
                       $COL$("test_table_id","(in_source.id).test_table_id",,)$COL$,
                       $COL$("processing_state","CASE WHEN out_queue.queue_state = 'Unclaimed'::sys_syn.queue_state THEN 1 WHEN out_queue.queue_state = 'Claimed'::sys_syn.queue_state THEN 2 WHEN out_queue.queue_state = 'Processed'::sys_syn.queue_state THEN 3 WHEN out_queue.queue_state = 'Hold'::sys_syn.queue_state THEN 4 ELSE NULL END","queue_state","CASE WHEN new.processing_state = 1 THEN 'Unclaimed'::sys_syn.queue_state WHEN new.processing_state = 2 THEN 'Claimed'::sys_syn.queue_state WHEN new.processing_state = 3 THEN 'Processed'::sys_syn.queue_state WHEN new.processing_state = 4 THEN 'Hold'::sys_syn.queue_state END")$COL$,
                       $COL$("test_table_text_upper","UPPER((in_source.attributes).test_table_text)",,)$COL$
                ]::sys_syn.create_out_column[],
                data_view => TRUE);
 out_table_add 
---------------
 
(1 row)

SELECT user_data.test_table_pull(FALSE);
 test_table_pull 
-----------------
 t
(1 row)

SELECT user_data.test_table_out_move();
 test_table_out_move 
---------------------
 t
(1 row)

SELECT * FROM user_data.test_table_out_queue_data;
 sys_syn_id | test_table_id | processing_state | test_table_text_upper 
------------+---------------+------------------+-----------------------
 (1)        |             1 |                1 | TEST_DATA
(1 row)

UPDATE user_data.test_table_out_queue_data SET processing_state = 2 WHERE test_table_id = 1;
UPDATE user_data.test_table_out_queue_data SET processing_state = 3 WHERE test_table_id = 1;
SELECT user_data.test_table_out_processed();
 test_table_out_processed 
--------------------------
 t
(1 row)

SELECT * FROM user_data.test_table_out_queue_data;
 sys_syn_id | test_table_id | processing_state | test_table_text_upper 
------------+---------------+------------------+-----------------------
(0 rows)

ROLLBACK;
