BEGIN;
CREATE EXTENSION tinyint SCHEMA public;
CREATE EXTENSION sys_syn;
CREATE SCHEMA user_data
    AUTHORIZATION postgres;
CREATE TABLE user_data.test_table (
        test_table_id integer NOT NULL,
        test_table_text text,
        CONSTRAINT test_table_pid PRIMARY KEY (test_table_id));
INSERT INTO sys_syn.in_groups_def VALUES ('in');
DO $$BEGIN
    EXECUTE sys_syn.in_table_create_sql('user_data.test_table'::regclass, 'in');
END$$;
SELECT sys_syn.in_pull_sequence_populate_assume();
 in_pull_sequence_populate_assume 
----------------------------------
 
(1 row)

SELECT * FROM sys_syn.in_pull_sequences_def;
 in_pull_sequence_id | comments 
---------------------+----------
 in                  | 
(1 row)

SELECT * FROM sys_syn.in_pull_sequence_pulls;
 in_pull_sequence_id | sequence_index | in_pull_id | comments 
---------------------+----------------+------------+----------
 in                  |              1 | test_table | 
(1 row)

ROLLBACK;
