BEGIN;
CREATE EXTENSION tinyint SCHEMA public;
CREATE EXTENSION sys_syn;
CREATE SCHEMA user_data AUTHORIZATION postgres;
CREATE TABLE user_data.test_table (
        test_table_id integer NOT NULL,
        test_table_text text,
        CONSTRAINT test_table_pid PRIMARY KEY (test_table_id));
INSERT INTO sys_syn.in_groups_def VALUES ('in');
DO $$BEGIN
        EXECUTE sys_syn.in_table_create_sql('user_data.test_table'::regclass, 'in');
END$$;
INSERT INTO sys_syn.out_groups_def VALUES ('out');
SELECT sys_syn.out_table_create('user_data', 'test_table', 'out');
 out_table_create 
------------------
 
(1 row)

SELECT sys_syn.in_pull_sequence_populate_assume();
 in_pull_sequence_populate_assume 
----------------------------------
 
(1 row)

SELECT sys_syn.jobs_get_pgagent();
                                                           jobs_get_pgagent                                                           
--------------------------------------------------------------------------------------------------------------------------------------
 BEGIN;                                                                                                                              +
                                                                                                                                     +
 INSERT INTO pgagent.pga_job (                                                                                                       +
         jobjclid,       jobname) VALUES (                                                                                           +
         2,              'sys_syn Pull Sequence in');                                                                                +
                                                                                                                                     +
 INSERT INTO pgagent.pga_schedule (                                                                                                  +
         jscjobid,                                                                                                                   +
         jscname,        jscdesc,        jscenabled,                                                                                 +
         jscminutes,                                                                                                                 +
         jschours,                                                                                                                   +
         jscweekdays,                                                                                                                +
         jscmonthdays,                                                                                                               +
         jscmonths)                                                                                                                  +
 VALUES ((SELECT pga_job.jobid FROM pgagent.pga_job WHERE pga_job.jobname = 'sys_syn Pull Sequence in'),                             +
         'Every Night',  '',             true,                                                                                       +
         '{f,f,f,t,f,f,f,f,f,f,f,f,f,f,f,f,f,f,f,f,f,f,f,f,f,f,f,f,f,f,f,f,f,f,f,f,f,f,f,f,f,f,f,f,f,f,f,f,f,f,f,f,f,f,f,f,f,f,f,f}',+
         '{f,f,f,t,f,f,f,f,f,f,f,f,f,f,f,f,f,f,f,f,f,f,f,f}',                                                                        +
         '{t,t,t,t,t,t,t}',                                                                                                          +
         '{t,t,t,t,t,t,t,t,t,t,t,t,t,t,t,t,t,t,t,t,t,t,t,t,t,t,t,t,t,t,t,t}',                                                        +
         '{t,t,t,t,t,t,t,t,t,t,t,t}');                                                                                               +
                                                                                                                                     +
                                                                                                                                     +
 INSERT INTO pgagent.pga_jobstep (                                                                                                   +
         jstjobid,                                                                                                                   +
         jstname,                                                                                                                    +
         jstdesc,        jstenabled,     jstkind,                                                                                    +
         jstcode,                                                                                                                    +
         jstconnstr,     jstdbname,      jstonerror)                                                                                 +
 VALUES ((SELECT pga_job.jobid FROM pgagent.pga_job WHERE pga_job.jobname = 'sys_syn Pull Sequence in'),                             +
         '1-distribute_load',                                                                                                        +
         '',             true,           's',                                                                                        +
         'SELECT sys_syn.distribute_load(60)',                                                                                       +
         '',             'contrib_regression',      'f');                                                                            +
                                                                                                                                     +
 INSERT INTO pgagent.pga_jobstep (                                                                                                   +
         jstjobid,                                                                                                                   +
         jstname,                                                                                                                    +
         jstdesc,        jstenabled,     jstkind,                                                                                    +
         jstcode,                                                                                                                    +
         jstconnstr,     jstdbname,      jstonerror)                                                                                 +
 VALUES ((SELECT pga_job.jobid FROM pgagent.pga_job WHERE pga_job.jobname = 'sys_syn Pull Sequence in'),                             +
         '3-vacuum 00001-test_table',                                                                                                +
         '',             true,           's',                                                                                        +
         'SELECT user_data.test_table_vacuum()',                                                                                     +
         '',             'contrib_regression',      'f');                                                                            +
                                                                                                                                     +
 INSERT INTO pgagent.pga_jobstep (                                                                                                   +
         jstjobid,                                                                                                                   +
         jstname,                                                                                                                    +
         jstdesc,        jstenabled,     jstkind,                                                                                    +
         jstcode,                                                                                                                    +
         jstconnstr,     jstdbname,      jstonerror)                                                                                 +
 VALUES ((SELECT pga_job.jobid FROM pgagent.pga_job WHERE pga_job.jobname = 'sys_syn Pull Sequence in'),                             +
         '4-pull 00001-test_table',                                                                                                  +
         '',             true,           's',                                                                                        +
         'SELECT user_data.test_table_pull(FALSE)',                                                                                  +
         '',             'contrib_regression',      'f');                                                                            +
                                                                                                                                     +
 INSERT INTO pgagent.pga_jobstep (                                                                                                   +
         jstjobid,                                                                                                                   +
         jstname,                                                                                                                    +
         jstdesc,        jstenabled,     jstkind,                                                                                    +
         jstcode,                                                                                                                    +
         jstconnstr,     jstdbname,      jstonerror)                                                                                 +
 VALUES ((SELECT pga_job.jobid FROM pgagent.pga_job WHERE pga_job.jobname = 'sys_syn Pull Sequence in'),                             +
         '5-move 00001-test_table 00002-out',                                                                                        +
         '',             true,           's',                                                                                        +
         'SELECT user_data.test_table_out_move_1()',                                                                                 +
         '',             'contrib_regression',      'f');                                                                            +
                                                                                                                                     +
 INSERT INTO pgagent.pga_job (                                                                                                       +
         jobjclid,       jobname) VALUES (                                                                                           +
         3,              'sys_syn Processed Sequence in');                                                                           +
                                                                                                                                     +
 INSERT INTO pgagent.pga_schedule (                                                                                                  +
         jscjobid,                                                                                                                   +
         jscname,        jscdesc,        jscenabled,                                                                                 +
         jscminutes,                                                                                                                 +
         jschours,                                                                                                                   +
         jscweekdays,                                                                                                                +
         jscmonthdays,                                                                                                               +
         jscmonths)                                                                                                                  +
 VALUES ((SELECT pga_job.jobid FROM pgagent.pga_job WHERE pga_job.jobname = 'sys_syn Processed Sequence in'),                        +
         'Every Minute', '',             true,                                                                                       +
         '{t,t,t,t,t,t,t,t,t,t,t,t,t,t,t,t,t,t,t,t,t,t,t,t,t,t,t,t,t,t,t,t,t,t,t,t,t,t,t,t,t,t,t,t,t,t,t,t,t,t,t,t,t,t,t,t,t,t,t,t}',+
         '{t,t,t,t,t,t,t,t,t,t,t,t,t,t,t,t,t,t,t,t,t,t,t,t}',                                                                        +
         '{t,t,t,t,t,t,t}',                                                                                                          +
         '{t,t,t,t,t,t,t,t,t,t,t,t,t,t,t,t,t,t,t,t,t,t,t,t,t,t,t,t,t,t,t,t}',                                                        +
         '{t,t,t,t,t,t,t,t,t,t,t,t}');                                                                                               +
                                                                                                                                     +
                                                                                                                                     +
 INSERT INTO pgagent.pga_jobstep (                                                                                                   +
         jstjobid,                                                                                                                   +
         jstname,                                                                                                                    +
         jstdesc,        jstenabled,     jstkind,                                                                                    +
         jstcode,                                                                                                                    +
         jstconnstr,     jstdbname,      jstonerror)                                                                                 +
 VALUES ((SELECT pga_job.jobid FROM pgagent.pga_job WHERE pga_job.jobname = 'sys_syn Processed Sequence in'),                        +
         '1-distribute_load',                                                                                                        +
         '',             true,           's',                                                                                        +
         'SELECT sys_syn.distribute_load(60)',                                                                                       +
         '',             'contrib_regression',      'f');                                                                            +
                                                                                                                                     +
 INSERT INTO pgagent.pga_jobstep (                                                                                                   +
         jstjobid,                                                                                                                   +
         jstname,                                                                                                                    +
         jstdesc,        jstenabled,     jstkind,                                                                                    +
         jstcode,                                                                                                                    +
         jstconnstr,     jstdbname,      jstonerror)                                                                                 +
 VALUES ((SELECT pga_job.jobid FROM pgagent.pga_job WHERE pga_job.jobname = 'sys_syn Processed Sequence in'),                        +
         '2-processed 00001-test_table 00001-test_table 00002-out',                                                                  +
         '',             true,           's',                                                                                        +
         'SELECT user_data.test_table_out_processed_1()',                                                                            +
         '',             'contrib_regression',      'f');                                                                            +
                                                                                                                                     +
 COMMIT;
(1 row)

ROLLBACK;
