BEGIN;
CREATE EXTENSION tinyint SCHEMA public;
CREATE EXTENSION pgcrypto SCHEMA public;
CREATE EXTENSION sys_syn;
CREATE SCHEMA user_data
    AUTHORIZATION postgres;
CREATE TABLE user_data.test_table (
        test_table_id integer NOT NULL,
        test_table_text text,
        CONSTRAINT test_table_pid PRIMARY KEY (test_table_id));
INSERT INTO sys_syn.in_groups_def VALUES ('in');
DO $$BEGIN
        EXECUTE sys_syn.in_table_create_sql('user_data.test_table'::regclass, 'in');
END$$;
INSERT INTO user_data.test_table(
        test_table_id, test_table_text)
VALUES (1,              'excluded data'),
       (2,              'test_data');
INSERT INTO sys_syn.out_groups_def VALUES ('out');
SELECT sys_syn.out_table_create('user_data', 'test_table', 'out', condition_sql => $$(attributes).test_table_text LIKE 'test_%'$$);
 out_table_create 
------------------
 
(1 row)

SELECT user_data.test_table_pull(FALSE);
 test_table_pull 
-----------------
 t
(1 row)

SELECT user_data.test_table_out_move_1();
 test_table_out_move_1 
-----------------------
 t
(1 row)

SELECT id, delta_type, queue_state FROM user_data.test_table_out_queue_1;
 id  | delta_type | queue_state 
-----+------------+-------------
 (2) | Add        | Unclaimed
(1 row)

SELECT user_data.test_table_vacuum_1();
 test_table_vacuum_1 
---------------------
 
(1 row)

SELECT * FROM user_data.test_table_in_1;
 trans_id_in | id  | attributes  | no_diff 
-------------+-----+-------------+---------
           1 | (2) | (test_data) | 
(1 row)

ROLLBACK;
